// Jest Snapshot v1, https://goo.gl/fbAQLP

exports[`when button component renders should match snapshot 1`] = `
<div
  className="button button--grass"
  onClick={[MockFunction]}
>
  <span
    className="button--grass__label"
  >
    Test
  </span>
</div>
`;
